::1 - - [10/09/2026:08:45:17 -0500] "GET / HTTP/1.1" 304 - "-" "Mozilla/5.0 (Windows NT 10.0; Win64; x64) AppleWebKit/537.36 (KHTML, like Gecko) Code/1.136.2 Chrome/148.0.7778.280 Electron/42.10.0 Safari/537.36"
::1 - - [10/09/2026:08:46:24 -0500] "GET /peliculas/1 HTTP/1.1" 304 - "http://localhost:3000/" "Mozilla/5.0 (Windows NT 10.0; Win64; x64) AppleWebKit/537.36 (KHTML, like Gecko) Code/1.136.2 Chrome/148.0.7778.280 Electron/42.10.0 Safari/537.36"
::1 - - [10/09/2026:08:48:18 -0500] "GET /peliculas/4 HTTP/1.1" 200 73 "http://localhost:3000/" "Mozilla/5.0 (Windows NT 10.0; Win64; x64) AppleWebKit/537.36 (KHTML, like Gecko) Code/1.136.2 Chrome/148.0.7778.280 Electron/42.10.0 Safari/537.36"
::1 - - [10/09/2026:08:49:16 -0500] "GET /peliculas HTTP/1.1" 304 - "http://localhost:3000/" "Mozilla/5.0 (Windows NT 10.0; Win64; x64) AppleWebKit/537.36 (KHTML, like Gecko) Code/1.136.2 Chrome/148.0.7778.280 Electron/42.10.0 Safari/537.36"
::1 - - [10/09/2026:16:04:31 -0500] "GET / HTTP/1.1" 503 58 "-" "Mozilla/5.0 (Windows NT 10.0; Win64; x64) AppleWebKit/537.36 (KHTML, like Gecko) Code/1.136.2 Chrome/148.0.7778.280 Electron/42.10.0 Safari/537.36"
::1 - - [10/09/2026:16:06:11 -0500] "GET / HTTP/1.1" 200 779 "-" "Mozilla/5.0 (Windows NT 10.0; Win64; x64) AppleWebKit/537.36 (KHTML, like Gecko) Code/1.136.2 Chrome/148.0.7778.280 Electron/42.10.0 Safari/537.36"
::1 - - [10/09/2026:16:06:13 -0500] "GET /peliculas/2 HTTP/1.1" 304 - "http://localhost:3000/" "Mozilla/5.0 (Windows NT 10.0; Win64; x64) AppleWebKit/537.36 (KHTML, like Gecko) Code/1.136.2 Chrome/148.0.7778.280 Electron/42.10.0 Safari/537.36"
::1 - - [10/09/2026:16:17:10 -0500] "GET / HTTP/1.1" 304 - "-" "Mozilla/5.0 (Windows NT 10.0; Win64; x64) AppleWebKit/537.36 (KHTML, like Gecko) Code/1.136.2 Chrome/148.0.7778.280 Electron/42.10.0 Safari/537.36"
::1 - - [10/09/2026:16:18:52 -0500] "GET / HTTP/1.1" 304 - "-" "Mozilla/5.0 (Windows NT 10.0; Win64; x64) AppleWebKit/537.36 (KHTML, like Gecko) Code/1.136.2 Chrome/148.0.7778.280 Electron/42.10.0 Safari/537.36"
::1 - - [10/09/2026:16:19:06 -0500] "GET /peliculas/2 HTTP/1.1" 304 - "http://localhost:3000/" "Mozilla/5.0 (Windows NT 10.0; Win64; x64) AppleWebKit/537.36 (KHTML, like Gecko) Code/1.136.2 Chrome/148.0.7778.280 Electron/42.10.0 Safari/537.36"
::1 - - [10/09/2026:16:21:34 -0500] "GET /peliculas/2 HTTP/1.1" 304 - "http://localhost:3000/" "Mozilla/5.0 (Windows NT 10.0; Win64; x64) AppleWebKit/537.36 (KHTML, like Gecko) Code/1.136.2 Chrome/148.0.7778.280 Electron/42.10.0 Safari/537.36"
::1 - - [10/09/2026:16:35:07 -0500] "GET /9 HTTP/1.1" 404 32 "-" "Mozilla/5.0 (Windows NT 10.0; Win64; x64) AppleWebKit/537.36 (KHTML, like Gecko) Code/1.136.2 Chrome/148.0.7778.280 Electron/42.10.0 Safari/537.36"
::1 - - [11/09/2026:08:15:11 -0500] "GET / HTTP/1.1" 304 - "-" "Mozilla/5.0 (Windows NT 10.0; Win64; x64) AppleWebKit/537.36 (KHTML, like Gecko) Code/1.136.2 Chrome/148.0.7778.280 Electron/42.10.0 Safari/537.36"
::1 - - [11/09/2026:08:27:13 -0500] "GET /peliculas/3 HTTP/1.1" 304 - "http://localhost:3000/" "Mozilla/5.0 (Windows NT 10.0; Win64; x64) AppleWebKit/537.36 (KHTML, like Gecko) Code/1.136.2 Chrome/148.0.7778.280 Electron/42.10.0 Safari/537.36"
::1 - - [14/09/2026:07:11:09 -0500] "GET / HTTP/1.1" 304 - "-" "Mozilla/5.0 (Windows NT 10.0; Win64; x64) AppleWebKit/537.36 (KHTML, like Gecko) Code/1.137.0 Chrome/148.0.7778.280 Electron/42.10.0 Safari/537.36"
::1 - - [14/09/2026:07:11:09 -0500] "GET / HTTP/1.1" 200 779 "-" "Mozilla/5.0 (Windows NT 10.0; Win64; x64) AppleWebKit/537.36 (KHTML, like Gecko) Code/1.137.0 Chrome/148.0.7778.280 Electron/42.10.0 Safari/537.36"
::1 - - [14/09/2026:07:11:17 -0500] "GET /peliculas HTTP/1.1" 304 - "http://localhost:3000/" "Mozilla/5.0 (Windows NT 10.0; Win64; x64) AppleWebKit/537.36 (KHTML, like Gecko) Code/1.137.0 Chrome/148.0.7778.280 Electron/42.10.0 Safari/537.36"
::1 - - [14/09/2026:07:11:20 -0500] "GET /peliculas1 HTTP/1.1" 404 32 "-" "Mozilla/5.0 (Windows NT 10.0; Win64; x64) AppleWebKit/537.36 (KHTML, like Gecko) Code/1.137.0 Chrome/148.0.7778.280 Electron/42.10.0 Safari/537.36"
::1 - - [14/09/2026:07:14:23 -0500] "GET /noexiste HTTP/1.1" 404 47 "-" "curl/8.21.0"
::1 - - [14/09/2026:07:15:37 -0500] "GET /peliculas/abc HTTP/1.1" 400 63 "-" "curl/8.21.0"
::1 - - [14/09/2026:07:17:15 -0500] "GET /peliculas1 HTTP/1.1" 404 49 "-" "Mozilla/5.0 (Windows NT 10.0; Win64; x64) AppleWebKit/537.36 (KHTML, like Gecko) Code/1.137.0 Chrome/148.0.7778.280 Electron/42.10.0 Safari/537.36"
::1 - - [14/09/2026:07:17:25 -0500] "GET /peliculas HTTP/1.1" 304 - "-" "Mozilla/5.0 (Windows NT 10.0; Win64; x64) AppleWebKit/537.36 (KHTML, like Gecko) Code/1.137.0 Chrome/148.0.7778.280 Electron/42.10.0 Safari/537.36"
::1 - - [17/09/2026:08:44:11 -0500] "GET /peliculas?hateoas=true HTTP/1.1" 200 1275 "-" "Mozilla/5.0 (Windows NT; Windows NT 10.0; es-MX) WindowsPowerShell/5.1.26100.9444"
::1 - - [17/09/2026:08:44:25 -0500] "GET /peliculas/1?hateoas=true HTTP/1.1" 200 191 "-" "Mozilla/5.0 (Windows NT; Windows NT 10.0; es-MX) WindowsPowerShell/5.1.26100.9444"
::1 - - [17/09/2026:08:44:25 -0500] "GET /peliculas HTTP/1.1" 200 459 "-" "Mozilla/5.0 (Windows NT; Windows NT 10.0; es-MX) WindowsPowerShell/5.1.26100.9444"
::1 - - [19/09/2026:14:35:42 -0500] "GET /peliculas HTTP/1.1" 503 58 "-" "Mozilla/5.0 (Windows NT 10.0; Win64; x64) AppleWebKit/537.36 (KHTML, like Gecko) Code/1.138.0 Chrome/148.0.7778.280 Electron/42.10.0 Safari/537.36"
::1 - - [19/09/2026:14:35:43 -0500] "GET /peliculas HTTP/1.1" 503 58 "-" "Mozilla/5.0 (Windows NT 10.0; Win64; x64) AppleWebKit/537.36 (KHTML, like Gecko) Code/1.138.0 Chrome/148.0.7778.280 Electron/42.10.0 Safari/537.36"
::1 - - [19/09/2026:14:35:48 -0500] "GET / HTTP/1.1" 503 58 "-" "Mozilla/5.0 (Windows NT 10.0; Win64; x64) AppleWebKit/537.36 (KHTML, like Gecko) Code/1.138.0 Chrome/148.0.7778.280 Electron/42.10.0 Safari/537.36"
::1 - - [19/09/2026:14:36:11 -0500] "GET / HTTP/1.1" 503 58 "-" "Mozilla/5.0 (Windows NT 10.0; Win64; x64) AppleWebKit/537.36 (KHTML, like Gecko) Code/1.138.0 Chrome/148.0.7778.280 Electron/42.10.0 Safari/537.36"
::1 - - [19/09/2026:14:36:29 -0500] "GET / HTTP/1.1" 200 779 "-" "Mozilla/5.0 (Windows NT 10.0; Win64; x64) AppleWebKit/537.36 (KHTML, like Gecko) Code/1.138.0 Chrome/148.0.7778.280 Electron/42.10.0 Safari/537.36"
::1 - - [19/09/2026:14:36:33 -0500] "GET /peliculas/1 HTTP/1.1" 304 - "http://localhost:3000/" "Mozilla/5.0 (Windows NT 10.0; Win64; x64) AppleWebKit/537.36 (KHTML, like Gecko) Code/1.138.0 Chrome/148.0.7778.280 Electron/42.10.0 Safari/537.36"
::1 - - [19/09/2026:14:36:50 -0500] "GET / HTTP/1.1" 304 - "-" "Mozilla/5.0 (Windows NT 10.0; Win64; x64) AppleWebKit/537.36 (KHTML, like Gecko) Code/1.138.0 Chrome/148.0.7778.280 Electron/42.10.0 Safari/537.36"
::1 - - [19/09/2026:14:36:58 -0500] "GET /peliculas?hateoas=true HTTP/1.1" 200 1275 "-" "Mozilla/5.0 (Windows NT 10.0; Win64; x64) AppleWebKit/537.36 (KHTML, like Gecko) Code/1.138.0 Chrome/148.0.7778.280 Electron/42.10.0 Safari/537.36"
::1 - - [21/09/2026:07:05:03 -0500] "GET /peliculas?hateoas=true HTTP/1.1" 304 - "-" "Mozilla/5.0 (Windows NT 10.0; Win64; x64) AppleWebKit/537.36 (KHTML, like Gecko) Code/1.138.0 Chrome/148.0.7778.280 Electron/42.10.0 Safari/537.36"
::1 - - [21/09/2026:07:05:04 -0500] "GET /peliculas?hateoas=true HTTP/1.1" 304 - "-" "Mozilla/5.0 (Windows NT 10.0; Win64; x64) AppleWebKit/537.36 (KHTML, like Gecko) Code/1.138.0 Chrome/148.0.7778.280 Electron/42.10.0 Safari/537.36"
::1 - - [21/09/2026:07:12:14 -0500] "GET / HTTP/1.1" 304 - "-" "Mozilla/5.0 (Windows NT 10.0; Win64; x64) AppleWebKit/537.36 (KHTML, like Gecko) Code/1.138.0 Chrome/148.0.7778.280 Electron/42.10.0 Safari/537.36"
::1 - - [21/09/2026:07:12:19 -0500] "GET / HTTP/1.1" 304 - "-" "Mozilla/5.0 (Windows NT 10.0; Win64; x64) AppleWebKit/537.36 (KHTML, like Gecko) Code/1.138.0 Chrome/148.0.7778.280 Electron/42.10.0 Safari/537.36"
::1 - - [21/09/2026:07:12:25 -0500] "GET /peliculas HTTP/1.1" 200 1262 "http://localhost:3000/" "Mozilla/5.0 (Windows NT 10.0; Win64; x64) AppleWebKit/537.36 (KHTML, like Gecko) Code/1.138.0 Chrome/148.0.7778.280 Electron/42.10.0 Safari/537.36"
::1 - - [21/09/2026:07:14:11 -0500] "GET /peliculas/1 HTTP/1.1" 200 191 "-" "Mozilla/5.0 (Windows NT 10.0; Win64; x64) AppleWebKit/537.36 (KHTML, like Gecko) Code/1.138.0 Chrome/148.0.7778.280 Electron/42.10.0 Safari/537.36"
::1 - - [21/09/2026:07:14:58 -0500] "GET /peliculas/1 HTTP/1.1" 304 - "-" "Mozilla/5.0 (Windows NT 10.0; Win64; x64) AppleWebKit/537.36 (KHTML, like Gecko) Code/1.138.0 Chrome/148.0.7778.280 Electron/42.10.0 Safari/537.36"
::1 - - [21/09/2026:07:15:52 -0500] "GET /peliculas/1 HTTP/1.1" 304 - "-" "Mozilla/5.0 (Windows NT 10.0; Win64; x64) AppleWebKit/537.36 (KHTML, like Gecko) Code/1.138.0 Chrome/148.0.7778.280 Electron/42.10.0 Safari/537.36"
::1 - - [21/09/2026:07:15:56 -0500] "GET /peliculas/2 HTTP/1.1" 200 194 "-" "Mozilla/5.0 (Windows NT 10.0; Win64; x64) AppleWebKit/537.36 (KHTML, like Gecko) Code/1.138.0 Chrome/148.0.7778.280 Electron/42.10.0 Safari/537.36"
::1 - - [21/09/2026:07:54:42 -0500] "GET /peliculas/2 HTTP/1.1" 304 - "-" "Mozilla/5.0 (Windows NT 10.0; Win64; x64) AppleWebKit/537.36 (KHTML, like Gecko) Code/1.138.0 Chrome/148.0.7778.280 Electron/42.10.0 Safari/537.36"
::1 - - [21/09/2026:07:55:30 -0500] "GET /peliculas/2 HTTP/1.1" 200 138 "-" "Mozilla/5.0 (Windows NT 10.0; Win64; x64) AppleWebKit/537.36 (KHTML, like Gecko) Code/1.138.0 Chrome/148.0.7778.280 Electron/42.10.0 Safari/537.36"
::1 - - [21/09/2026:07:55:41 -0500] "GET /peliculas HTTP/1.1" 200 926 "-" "Mozilla/5.0 (Windows NT 10.0; Win64; x64) AppleWebKit/537.36 (KHTML, like Gecko) Code/1.138.0 Chrome/148.0.7778.280 Electron/42.10.0 Safari/537.36"
::1 - - [21/09/2026:07:55:56 -0500] "GET / HTTP/1.1" 304 - "-" "Mozilla/5.0 (Windows NT 10.0; Win64; x64) AppleWebKit/537.36 (KHTML, like Gecko) Code/1.138.0 Chrome/148.0.7778.280 Electron/42.10.0 Safari/537.36"
::1 - - [21/09/2026:07:56:02 -0500] "GET /peliculas/1 HTTP/1.1" 200 135 "http://localhost:3000/" "Mozilla/5.0 (Windows NT 10.0; Win64; x64) AppleWebKit/537.36 (KHTML, like Gecko) Code/1.138.0 Chrome/148.0.7778.280 Electron/42.10.0 Safari/537.36"
::1 - - [21/09/2026:07:59:07 -0500] "GET /peliculas/1 HTTP/1.1" 200 44 "http://localhost:3000/" "Mozilla/5.0 (Windows NT 10.0; Win64; x64) AppleWebKit/537.36 (KHTML, like Gecko) Code/1.138.0 Chrome/148.0.7778.280 Electron/42.10.0 Safari/537.36"
::1 - - [21/09/2026:07:59:27 -0500] "GET /peliculas/1 HTTP/1.1" 304 - "http://localhost:3000/" "Mozilla/5.0 (Windows NT 10.0; Win64; x64) AppleWebKit/537.36 (KHTML, like Gecko) Code/1.138.0 Chrome/148.0.7778.280 Electron/42.10.0 Safari/537.36"
::1 - - [21/09/2026:07:59:31 -0500] "GET /peliculas HTTP/1.1" 200 42 "-" "Mozilla/5.0 (Windows NT 10.0; Win64; x64) AppleWebKit/537.36 (KHTML, like Gecko) Code/1.138.0 Chrome/148.0.7778.280 Electron/42.10.0 Safari/537.36"
::1 - - [21/09/2026:08:00:58 -0500] "GET /peliculas HTTP/1.1" 200 717 "-" "Mozilla/5.0 (Windows NT; Windows NT 10.0; es-MX) WindowsPowerShell/5.1.26100.9444"
::1 - - [21/09/2026:08:00:59 -0500] "GET /peliculas/1 HTTP/1.1" 200 115 "-" "Mozilla/5.0 (Windows NT; Windows NT 10.0; es-MX) WindowsPowerShell/5.1.26100.9444"
::1 - - [21/09/2026:08:01:06 -0500] "GET /peliculas HTTP/1.1" 200 717 "-" "Mozilla/5.0 (Windows NT 10.0; Win64; x64) AppleWebKit/537.36 (KHTML, like Gecko) Code/1.138.0 Chrome/148.0.7778.280 Electron/42.10.0 Safari/537.36"
::1 - - [21/09/2026:08:01:15 -0500] "GET /peliculas/1 HTTP/1.1" 200 115 "-" "Mozilla/5.0 (Windows NT 10.0; Win64; x64) AppleWebKit/537.36 (KHTML, like Gecko) Code/1.138.0 Chrome/148.0.7778.280 Electron/42.10.0 Safari/537.36"
::1 - - [21/09/2026:08:06:11 -0500] "GET / HTTP/1.1" 304 - "-" "Mozilla/5.0 (Windows NT 10.0; Win64; x64) AppleWebKit/537.36 (KHTML, like Gecko) Code/1.138.0 Chrome/148.0.7778.280 Electron/42.10.0 Safari/537.36"
::1 - - [21/09/2026:08:06:14 -0500] "GET /peliculas HTTP/1.1" 304 - "http://localhost:3000/" "Mozilla/5.0 (Windows NT 10.0; Win64; x64) AppleWebKit/537.36 (KHTML, like Gecko) Code/1.138.0 Chrome/148.0.7778.280 Electron/42.10.0 Safari/537.36"
::1 - - [21/09/2026:08:06:36 -0500] "GET /peliculas HTTP/1.1" 304 - "http://localhost:3000/" "Mozilla/5.0 (Windows NT 10.0; Win64; x64) AppleWebKit/537.36 (KHTML, like Gecko) Code/1.138.0 Chrome/148.0.7778.280 Electron/42.10.0 Safari/537.36"
::1 - - [21/09/2026:08:07:12 -0500] "GET /peliculas/3 HTTP/1.1" 200 114 "http://localhost:3000/" "Mozilla/5.0 (Windows NT 10.0; Win64; x64) AppleWebKit/537.36 (KHTML, like Gecko) Code/1.138.0 Chrome/148.0.7778.280 Electron/42.10.0 Safari/537.36"
::1 - - [21/09/2026:08:07:16 -0500] "GET /peliculas/1 HTTP/1.1" 304 - "http://localhost:3000/" "Mozilla/5.0 (Windows NT 10.0; Win64; x64) AppleWebKit/537.36 (KHTML, like Gecko) Code/1.138.0 Chrome/148.0.7778.280 Electron/42.10.0 Safari/537.36"
::1 - - [21/09/2026:08:09:18 -0500] "GET /peliculas/1 HTTP/1.1" 304 - "http://localhost:3000/" "Mozilla/5.0 (Windows NT 10.0; Win64; x64) AppleWebKit/537.36 (KHTML, like Gecko) Code/1.138.0 Chrome/148.0.7778.280 Electron/42.10.0 Safari/537.36"
::1 - - [21/09/2026:08:09:27 -0500] "GET /peliculas HTTP/1.1" 304 - "http://localhost:3000/" "Mozilla/5.0 (Windows NT 10.0; Win64; x64) AppleWebKit/537.36 (KHTML, like Gecko) Code/1.138.0 Chrome/148.0.7778.280 Electron/42.10.0 Safari/537.36"
